error[E0277]: the trait bound `Foo: martian::mro::AsMartianPrimaryType` is not satisfied
 --> $DIR/test_missing_martian_type.rs:5:10
  |
5 | #[derive(MartianStruct)]
  |          ^^^^^^^^^^^^^ the trait `martian::mro::AsMartianPrimaryType` is not implemented for `Foo`
  |
  = note: required because of the requirements on the impl of `martian::mro::AsMartianBlanketType` for `Foo`
  = note: required by `martian::mro::AsMartianBlanketType::as_martian_blanket_type`

For more information about this error, try `rustc --explain E0277`.
