error: Specified #[mro_type] twice for field 'foo'
  --> tests/ui_martian_struct/test_multiple_mro_type.rs:8:5
   |
8  | /     #[mro_type = "int"]
9  | |     #[mro_type = "float"] // Cannot specify twice
10 | |     foo: Foo,
   | |____________^
