error: unexpected expression: `int`
 --> $DIR/test_invalid_mro_type_val.rs:8:16
  |
8 |     #[mro_type=int] // Should be "int"
  |                ^^^

error[E0277]: the trait bound `Foo: MartianFileType` is not satisfied
 --> $DIR/test_invalid_mro_type_val.rs:5:10
  |
5 | #[derive(MartianStruct)]
  |          ^^^^^^^^^^^^^ the trait `MartianFileType` is not implemented for `Foo`
  |
  = help: the following other types implement trait `AsMartianBlanketType`:
            HashMap<K, V, H>
            HashSet<K, H>
            Option<T>
            Vec<T>
  = note: required because of the requirements on the impl of `AsMartianPrimaryType` for `Foo`
  = note: required because of the requirements on the impl of `AsMartianBlanketType` for `Foo`
  = note: this error originates in the derive macro `MartianStruct` (in Nightly builds, run with -Z macro-backtrace for more info)
